K-DIAGNOSTIC  (3 random episodes per env for K_realized)
========================================================================================
env                        K_static  K_realized (per episode)      verdict               
----------------------------------------------------------------------------------------
Causal RL enabled: each token has been assigned a unique identifier.
C:\Users\lobia\PycharmProjects\gympn\gympn\agents.py:1260: UserWarning: [CAUSAL-DIAG] tokens=108, transitions=78, ep_steps=33, redis_len=ERR, redis_sum=ERR
  warnings.warn(
C:\Users\lobia\PycharmProjects\gympn\gympn\agents.py:1260: UserWarning: [CAUSAL-DIAG] tokens=110, transitions=79, ep_steps=33, redis_len=ERR, redis_sum=ERR
  warnings.warn(
C:\Users\lobia\PycharmProjects\gympn\gympn\agents.py:1260: UserWarning: [CAUSAL-DIAG] tokens=114, transitions=84, ep_steps=36, redis_len=ERR, redis_sum=ERR
  warnings.warn(
a_sequence_joint                  1  mean=1.00 {1: 3}              K~1 -> expect PPO parity
Causal RL enabled: each token has been assigned a unique identifier.
C:\Users\lobia\PycharmProjects\gympn\gympn\agents.py:1260: UserWarning: [CAUSAL-DIAG] tokens=128, transitions=101, ep_steps=48, redis_len=ERR, redis_sum=ERR
  warnings.warn(
C:\Users\lobia\PycharmProjects\gympn\gympn\agents.py:1260: UserWarning: [CAUSAL-DIAG] tokens=138, transitions=110, ep_steps=52, redis_len=ERR, redis_sum=ERR
  warnings.warn(
C:\Users\lobia\PycharmProjects\gympn\gympn\agents.py:1260: UserWarning: [CAUSAL-DIAG] tokens=130, transitions=104, ep_steps=51, redis_len=ERR, redis_sum=ERR
  warnings.warn(
b_sequence_disjoint               1  mean=1.00 {1: 3}              K~1 -> expect PPO parity
Causal RL enabled: each token has been assigned a unique identifier.
C:\Users\lobia\PycharmProjects\gympn\gympn\agents.py:1260: UserWarning: [CAUSAL-DIAG] tokens=171, transitions=120, ep_steps=37, redis_len=ERR, redis_sum=ERR
  warnings.warn(
C:\Users\lobia\PycharmProjects\gympn\gympn\agents.py:1260: UserWarning: [CAUSAL-DIAG] tokens=165, transitions=115, ep_steps=34, redis_len=ERR, redis_sum=ERR
  warnings.warn(
C:\Users\lobia\PycharmProjects\gympn\gympn\agents.py:1260: UserWarning: [CAUSAL-DIAG] tokens=170, transitions=118, ep_steps=36, redis_len=ERR, redis_sum=ERR
  warnings.warn(
c_parallel_joint                  1  mean=1.00 {1: 3}              K~1 -> expect PPO parity
Causal RL enabled: each token has been assigned a unique identifier.
C:\Users\lobia\PycharmProjects\gympn\gympn\agents.py:1260: UserWarning: [CAUSAL-DIAG] tokens=203, transitions=152, ep_steps=52, redis_len=ERR, redis_sum=ERR
  warnings.warn(
C:\Users\lobia\PycharmProjects\gympn\gympn\agents.py:1260: UserWarning: [CAUSAL-DIAG] tokens=200, transitions=149, ep_steps=52, redis_len=ERR, redis_sum=ERR
  warnings.warn(
C:\Users\lobia\PycharmProjects\gympn\gympn\agents.py:1260: UserWarning: [CAUSAL-DIAG] tokens=202, transitions=149, ep_steps=49, redis_len=ERR, redis_sum=ERR
  warnings.warn(
d_parallel_disjoint               1  mean=1.00 {1: 3}              K~1 -> expect PPO parity
Causal RL enabled: each token has been assigned a unique identifier.
C:\Users\lobia\PycharmProjects\gympn\gympn\agents.py:1260: UserWarning: [CAUSAL-DIAG] tokens=126, transitions=90, ep_steps=38, redis_len=ERR, redis_sum=ERR
  warnings.warn(
C:\Users\lobia\PycharmProjects\gympn\gympn\agents.py:1260: UserWarning: [CAUSAL-DIAG] tokens=125, transitions=90, ep_steps=37, redis_len=ERR, redis_sum=ERR
  warnings.warn(
C:\Users\lobia\PycharmProjects\gympn\gympn\agents.py:1260: UserWarning: [CAUSAL-DIAG] tokens=129, transitions=86, ep_steps=34, redis_len=ERR, redis_sum=ERR
  warnings.warn(
e_loop_joint                      1  mean=1.00 {1: 3}              K~1 -> expect PPO parity
Causal RL enabled: each token has been assigned a unique identifier.
C:\Users\lobia\PycharmProjects\gympn\gympn\agents.py:1260: UserWarning: [CAUSAL-DIAG] tokens=194, transitions=143, ep_steps=62, redis_len=ERR, redis_sum=ERR
  warnings.warn(
C:\Users\lobia\PycharmProjects\gympn\gympn\agents.py:1260: UserWarning: [CAUSAL-DIAG] tokens=183, transitions=137, ep_steps=60, redis_len=ERR, redis_sum=ERR
  warnings.warn(
C:\Users\lobia\PycharmProjects\gympn\gympn\agents.py:1260: UserWarning: [CAUSAL-DIAG] tokens=180, transitions=135, ep_steps=60, redis_len=ERR, redis_sum=ERR
  warnings.warn(
f_loop_disjoint                   1  mean=1.00 {1: 3}              K~1 -> expect PPO parity
Causal RL enabled: each token has been assigned a unique identifier.
C:\Users\lobia\PycharmProjects\gympn\gympn\agents.py:1260: UserWarning: [CAUSAL-DIAG] tokens=145, transitions=104, ep_steps=33, redis_len=ERR, redis_sum=ERR
  warnings.warn(
C:\Users\lobia\PycharmProjects\gympn\gympn\agents.py:1260: UserWarning: [CAUSAL-DIAG] tokens=143, transitions=103, ep_steps=33, redis_len=ERR, redis_sum=ERR
  warnings.warn(
C:\Users\lobia\PycharmProjects\gympn\gympn\agents.py:1260: UserWarning: [CAUSAL-DIAG] tokens=145, transitions=108, ep_steps=37, redis_len=ERR, redis_sum=ERR
  warnings.warn(
g_exclusive_choice_joint          1  mean=3.00 {3: 3}              s_ccf/cfpk APPLY      
Causal RL enabled: each token has been assigned a unique identifier.
C:\Users\lobia\PycharmProjects\gympn\gympn\agents.py:1260: UserWarning: [CAUSAL-DIAG] tokens=159, transitions=132, ep_steps=55, redis_len=ERR, redis_sum=ERR
  warnings.warn(
C:\Users\lobia\PycharmProjects\gympn\gympn\agents.py:1260: UserWarning: [CAUSAL-DIAG] tokens=163, transitions=131, ep_steps=51, redis_len=ERR, redis_sum=ERR
  warnings.warn(
C:\Users\lobia\PycharmProjects\gympn\gympn\agents.py:1260: UserWarning: [CAUSAL-DIAG] tokens=163, transitions=136, ep_steps=57, redis_len=ERR, redis_sum=ERR
  warnings.warn(
h_exclusive_choice_disjoint        2  mean=6.00 {6: 3}              s_ccf/cfpk APPLY      
Causal RL enabled: each token has been assigned a unique identifier.
i_mixed_credit                    1  mean=1.00 {1: 3}              K~1 -> expect PPO parity
Causal RL enabled: each token has been assigned a unique identifier.
C:\Users\lobia\PycharmProjects\gympn\gympn\agents.py:1260: UserWarning: [CAUSAL-DIAG] tokens=229, transitions=166, ep_steps=61, redis_len=ERR, redis_sum=ERR
  warnings.warn(
C:\Users\lobia\PycharmProjects\gympn\gympn\agents.py:1260: UserWarning: [CAUSAL-DIAG] tokens=229, transitions=169, ep_steps=64, redis_len=ERR, redis_sum=ERR
  warnings.warn(
C:\Users\lobia\PycharmProjects\gympn\gympn\agents.py:1260: UserWarning: [CAUSAL-DIAG] tokens=226, transitions=159, ep_steps=56, redis_len=ERR, redis_sum=ERR
  warnings.warn(
j_mixed_rework                    1  mean=1.00 {1: 3}              K~1 -> expect PPO parity
Causal RL enabled: each token has been assigned a unique identifier.
C:\Users\lobia\PycharmProjects\gympn\gympn\agents.py:1260: UserWarning: [CAUSAL-DIAG] tokens=104, transitions=73, ep_steps=30, redis_len=ERR, redis_sum=ERR
  warnings.warn(
C:\Users\lobia\PycharmProjects\gympn\gympn\agents.py:1260: UserWarning: [CAUSAL-DIAG] tokens=101, transitions=71, ep_steps=29, redis_len=ERR, redis_sum=ERR
  warnings.warn(
C:\Users\lobia\PycharmProjects\gympn\gympn\agents.py:1260: UserWarning: [CAUSAL-DIAG] tokens=104, transitions=75, ep_steps=32, redis_len=ERR, redis_sum=ERR
  warnings.warn(
s1_stoch_sequence                 1  mean=1.00 {1: 3}              K~1 -> expect PPO parity
Causal RL enabled: each token has been assigned a unique identifier.
C:\Users\lobia\PycharmProjects\gympn\gympn\agents.py:1260: UserWarning: [CAUSAL-DIAG] tokens=236, transitions=177, ep_steps=62, redis_len=ERR, redis_sum=ERR
  warnings.warn(
C:\Users\lobia\PycharmProjects\gympn\gympn\agents.py:1260: UserWarning: [CAUSAL-DIAG] tokens=238, transitions=181, ep_steps=65, redis_len=ERR, redis_sum=ERR
  warnings.warn(
C:\Users\lobia\PycharmProjects\gympn\gympn\agents.py:1260: UserWarning: [CAUSAL-DIAG] tokens=230, transitions=171, ep_steps=59, redis_len=ERR, redis_sum=ERR
  warnings.warn(
s2_stoch_scaled                   1  mean=6.00 {6: 3}              s_ccf/cfpk APPLY      
Causal RL enabled: each token has been assigned a unique identifier.
C:\Users\lobia\PycharmProjects\gympn\gympn\agents.py:1260: UserWarning: [CAUSAL-DIAG] tokens=123, transitions=101, ep_steps=35, redis_len=ERR, redis_sum=ERR
  warnings.warn(
C:\Users\lobia\PycharmProjects\gympn\gympn\agents.py:1260: UserWarning: [CAUSAL-DIAG] tokens=125, transitions=97, ep_steps=30, redis_len=ERR, redis_sum=ERR
  warnings.warn(
C:\Users\lobia\PycharmProjects\gympn\gympn\agents.py:1260: UserWarning: [CAUSAL-DIAG] tokens=113, transitions=91, ep_steps=28, redis_len=ERR, redis_sum=ERR
  warnings.warn(
s3_stoch_mixed                    1  mean=1.00 {1: 3}              K~1 -> expect PPO parity
Causal RL enabled: each token has been assigned a unique identifier.
C:\Users\lobia\PycharmProjects\gympn\gympn\agents.py:1260: UserWarning: [CAUSAL-DIAG] tokens=191, transitions=131, ep_steps=57, redis_len=ERR, redis_sum=ERR
  warnings.warn(
C:\Users\lobia\PycharmProjects\gympn\gympn\agents.py:1260: UserWarning: [CAUSAL-DIAG] tokens=185, transitions=126, ep_steps=55, redis_len=ERR, redis_sum=ERR
  warnings.warn(
C:\Users\lobia\PycharmProjects\gympn\gympn\agents.py:1260: UserWarning: [CAUSAL-DIAG] tokens=191, transitions=139, ep_steps=60, redis_len=ERR, redis_sum=ERR
  warnings.warn(
s4_stoch_mixed_rework             1  mean=1.00 {1: 3}              K~1 -> expect PPO parity
Causal RL enabled: each token has been assigned a unique identifier.
[WARN:get] Data size 24 < batch_size 64 with drop_remainder=True. Disabling drop_remainder to ensure \u22651 batch for training.
ncopies1                          1  mean=1.00 {1: 6}              K~1 -> expect PPO parity
Causal RL enabled: each token has been assigned a unique identifier.
[WARN:get] Data size 48 < batch_size 64 with drop_remainder=True. Disabling drop_remainder to ensure \u22651 batch for training.
ncopies2                          2  mean=2.00 {2: 6}              s_ccf/cfpk APPLY      
Causal RL enabled: each token has been assigned a unique identifier.
ncopies4                          4  mean=4.00 {4: 6}              s_ccf/cfpk APPLY      
Causal RL enabled: each token has been assigned a unique identifier.
ncopies8                          8  mean=8.00 {8: 6}              s_ccf/cfpk APPLY      
Causal RL enabled: each token has been assigned a unique identifier.
C:\Users\lobia\PycharmProjects\gympn\gympn\agents.py:1260: UserWarning: [CAUSAL-DIAG] tokens=12, transitions=10, ep_steps=5, redis_len=ERR, redis_sum=ERR
  warnings.warn(
C:\Users\lobia\PycharmProjects\gympn\gympn\agents.py:1260: UserWarning: [CAUSAL-DIAG] tokens=6, transitions=6, ep_steps=3, redis_len=ERR, redis_sum=ERR
  warnings.warn(
[WARN:get] Data size 12 < batch_size 64 with drop_remainder=True. Disabling drop_remainder to ensure \u22651 batch for training.
foreclosure                       1  mean=2.00 {2: 4}              s_ccf/cfpk APPLY      
Causal RL enabled: each token has been assigned a unique identifier.
join                              1  mean=32.67 {31: 2, 33: 2, 34: 2}s_ccf/cfpk APPLY      
Causal RL enabled: each token has been assigned a unique identifier.
joinbal                           1  mean=32.67 {31: 2, 33: 2, 34: 2}s_ccf/cfpk APPLY      

K>1 (mechanisms apply)      : ['g_exclusive_choice_joint', 'h_exclusive_choice_disjoint', 's2_stoch_scaled', 'ncopies2', 'ncopies4', 'ncopies8', 'foreclosure', 'join', 'joinbal']
K~1 (expect PPO parity)     : ['a_sequence_joint', 'b_sequence_disjoint', 'c_parallel_joint', 'd_parallel_disjoint', 'e_loop_joint', 'f_loop_disjoint', 'i_mixed_credit', 'j_mixed_rework', 's1_stoch_sequence', 's3_stoch_mixed', 's4_stoch_mixed_rework', 'ncopies1']
