[ppo-tune] 100 cells (5 configs x 20 seeds, 40 epochs), 6 workers, eval_seed=555000
[ppo-tune] configs: {"base": {}, "lr_lo": {"policy_lr": 0.0001, "value_lr": 0.0001}, "lr_hi": {"policy_lr": 0.001, "value_lr": 0.001}, "lam_lo": {"lam": 0.9}, "ent_hi": {"ent_bonus": 0.03}}
[ppo-tune] <<< base    s1  final=+0.207 (44.1 min; 44.1 total)
[ppo-tune] <<< lr_hi   s0  final=+0.342 (44.5 min; 44.6 total)
[ppo-tune] <<< lr_lo   s0  final=+0.145 (44.8 min; 44.9 total)
[ppo-tune] <<< ent_hi  s0  final=+0.097 (44.9 min; 45.0 total)
[ppo-tune] <<< base    s0  final=+0.395 (45.2 min; 45.2 total)
[ppo-tune] <<< lam_lo  s0  final=+0.212 (45.2 min; 45.3 total)
[ppo-tune] <<< lr_lo   s1  final=-0.028 (41.7 min; 85.8 total)
[ppo-tune] <<< lr_hi   s1  final=+0.111 (42.3 min; 86.9 total)
[ppo-tune] <<< lam_lo  s1  final=+0.308 (42.2 min; 87.1 total)
[ppo-tune] <<< ent_hi  s1  final=+0.308 (42.3 min; 87.3 total)
[ppo-tune] <<< lr_lo   s2  final=+0.188 (42.1 min; 87.3 total)
[ppo-tune] <<< base    s2  final=+0.188 (42.5 min; 87.8 total)
[ppo-tune] <<< lr_hi   s2  final=-0.037 (48.7 min; 134.5 total)
[ppo-tune] <<< ent_hi  s2  final=+0.366 (49.8 min; 136.8 total)
[ppo-tune] <<< lam_lo  s2  final=+0.366 (51.1 min; 137.9 total)
[ppo-tune] <<< lr_lo   s3  final=+0.102 (50.7 min; 138.0 total)
[ppo-tune] <<< base    s3  final=+0.044 (51.4 min; 138.7 total)
[ppo-tune] <<< lr_hi   s3  final=+0.236 (51.3 min; 139.1 total)
[ppo-tune] <<< lam_lo  s3  final=+0.433 (70.3 min; 204.9 total)
[ppo-tune] <<< ent_hi  s3  final=-0.023 (70.8 min; 207.6 total)
[ppo-tune] <<< lr_lo   s4  final=+0.539 (71.7 min; 209.7 total)
[ppo-tune] <<< lr_hi   s4  final=+0.035 (71.2 min; 209.9 total)
[ppo-tune] <<< base    s4  final=+0.131 (72.1 min; 210.0 total)
[ppo-tune] <<< lam_lo  s4  final=-0.028 (71.2 min; 210.4 total)
[ppo-tune] <<< ent_hi  s4  final=+0.462 (63.7 min; 268.6 total)
[ppo-tune] <<< base    s5  final=+0.193 (63.3 min; 271.0 total)
[ppo-tune] <<< lr_hi   s5  final=+0.352 (63.1 min; 273.0 total)
[ppo-tune] <<< lam_lo  s5  final=+0.241 (63.0 min; 273.0 total)
[ppo-tune] <<< lr_lo   s5  final=+0.227 (63.7 min; 273.4 total)
[ppo-tune] <<< ent_hi  s5  final=+0.601 (63.5 min; 273.8 total)
[ppo-tune] <<< base    s6  final=+0.198 (65.5 min; 334.1 total)
[ppo-tune] <<< lr_lo   s6  final=+0.366 (66.1 min; 337.1 total)
[ppo-tune] <<< lr_hi   s6  final=+0.083 (67.0 min; 340.0 total)
[ppo-tune] <<< lam_lo  s6  final=+0.361 (67.0 min; 340.0 total)
[ppo-tune] <<< ent_hi  s6  final=+0.198 (67.0 min; 340.4 total)
[ppo-tune] <<< base    s7  final=+0.150 (67.7 min; 341.5 total)
[ppo-tune] <<< lr_lo   s7  final=+0.256 (72.8 min; 406.9 total)
[ppo-tune] <<< lr_hi   s7  final=+0.159 (73.0 min; 410.1 total)
[ppo-tune] <<< ent_hi  s7  final=+0.179 (72.0 min; 412.0 total)
[ppo-tune] <<< lam_lo  s7  final=+0.135 (72.6 min; 412.6 total)
[ppo-tune] <<< base    s8  final=+0.390 (73.4 min; 413.8 total)
[ppo-tune] <<< lr_lo   s8  final=+0.342 (73.8 min; 415.4 total)
[ppo-tune] <<< lr_hi   s8  final=+0.251 (73.5 min; 480.3 total)
[ppo-tune] <<< lam_lo  s8  final=+0.236 (72.5 min; 482.5 total)
[ppo-tune] <<< ent_hi  s8  final=-0.201 (72.1 min; 484.1 total)
[ppo-tune] <<< base    s9  final=+0.587 (73.7 min; 486.2 total)
[ppo-tune] <<< lr_lo   s9  final=+0.361 (74.0 min; 487.8 total)
[ppo-tune] <<< lr_hi   s9  final=+0.126 (73.5 min; 488.9 total)
[ppo-tune] <<< lam_lo  s9  final=+0.111 (69.8 min; 550.1 total)
[ppo-tune] <<< ent_hi  s9  final=+0.313 (69.5 min; 552.0 total)
[ppo-tune] <<< base    s10 final=-0.028 (70.0 min; 554.2 total)
[ppo-tune] <<< lr_lo   s10 final=+0.183 (69.8 min; 556.1 total)
[ppo-tune] <<< lam_lo  s10 final=+0.419 (69.8 min; 558.7 total)
[ppo-tune] <<< lr_hi   s10 final=+0.284 (70.9 min; 558.8 total)
[ppo-tune] <<< ent_hi  s10 final=+0.020 (73.6 min; 623.7 total)
[ppo-tune] <<< base    s11 final=+0.275 (74.0 min; 626.0 total)
[ppo-tune] <<< lr_lo   s11 final=+0.203 (73.1 min; 627.3 total)
[ppo-tune] <<< lr_hi   s11 final=+0.481 (73.5 min; 629.6 total)
[ppo-tune] <<< ent_hi  s11 final=+0.001 (72.7 min; 631.5 total)
[ppo-tune] <<< lam_lo  s11 final=+0.342 (74.0 min; 632.7 total)
[ppo-tune] <<< base    s12 final=+0.227 (62.1 min; 685.8 total)
[ppo-tune] <<< lr_lo   s12 final=+0.457 (61.6 min; 687.6 total)
[ppo-tune] <<< lr_hi   s12 final=+0.395 (62.3 min; 689.6 total)
[ppo-tune] <<< lam_lo  s12 final=-0.489 (61.7 min; 691.3 total)
[ppo-tune] <<< ent_hi  s12 final=+0.366 (61.7 min; 693.2 total)
[ppo-tune] <<< base    s13 final=+0.457 (63.1 min; 695.8 total)
[ppo-tune] <<< lr_lo   s13 final=+0.462 (63.0 min; 748.8 total)
[ppo-tune] <<< lr_hi   s13 final=+0.717 (61.3 min; 748.9 total)
[ppo-tune] <<< lam_lo  s13 final=+0.241 (63.7 min; 753.3 total)
[ppo-tune] <<< ent_hi  s13 final=-0.239 (63.0 min; 754.3 total)
[ppo-tune] <<< base    s14 final=-0.153 (63.4 min; 756.6 total)
[ppo-tune] <<< lr_lo   s14 final=+0.227 (63.0 min; 758.8 total)
[ppo-tune] <<< lam_lo  s14 final=+0.116 (61.6 min; 810.5 total)
[ppo-tune] <<< lr_hi   s14 final=+0.323 (62.3 min; 811.1 total)
[ppo-tune] <<< ent_hi  s14 final=+0.419 (61.5 min; 814.8 total)
[ppo-tune] <<< base    s15 final=+0.500 (61.8 min; 816.1 total)
[ppo-tune] <<< lr_lo   s15 final=+0.092 (61.6 min; 818.2 total)
[ppo-tune] <<< lr_hi   s15 final=-0.042 (62.2 min; 821.0 total)
[ppo-tune] <<< lam_lo  s15 final=+0.054 (60.6 min; 871.2 total)
[ppo-tune] <<< ent_hi  s15 final=+0.414 (61.2 min; 872.2 total)
[ppo-tune] <<< base    s16 final=+0.198 (60.7 min; 875.5 total)
[ppo-tune] <<< lr_lo   s16 final=+0.251 (61.2 min; 877.3 total)
[ppo-tune] <<< lr_hi   s16 final=-0.191 (61.0 min; 879.2 total)
[ppo-tune] <<< lam_lo  s16 final=+0.039 (61.9 min; 882.9 total)
[ppo-tune] <<< ent_hi  s16 final=-0.306 (62.5 min; 933.7 total)
[ppo-tune] <<< base    s17 final=+0.275 (62.2 min; 934.4 total)
[ppo-tune] <<< lr_lo   s17 final=+0.207 (62.0 min; 937.6 total)
[ppo-tune] <<< lr_hi   s17 final=-0.186 (61.9 min; 939.1 total)
[ppo-tune] <<< lam_lo  s17 final=+0.131 (63.1 min; 942.3 total)
[ppo-tune] <<< ent_hi  s17 final=+0.500 (62.8 min; 945.7 total)
[ppo-tune] <<< lr_lo   s18 final=-0.100 (62.8 min; 997.2 total)
[ppo-tune] <<< base    s18 final=+0.866 (63.6 min; 997.3 total)
[ppo-tune] <<< lr_hi   s18 final=-0.124 (63.5 min; 1001.1 total)
[ppo-tune] <<< lam_lo  s18 final=-0.085 (64.2 min; 1003.3 total)
[ppo-tune] <<< ent_hi  s18 final=+0.529 (63.4 min; 1005.6 total)
[ppo-tune] <<< base    s19 final=+0.472 (63.3 min; 1008.9 total)
[ppo-tune] 4 cells (5 configs x 20 seeds, 40 epochs), 6 workers, eval_seed=555000
[ppo-tune] configs: {"base": {}, "lr_lo": {"policy_lr": 0.0001, "value_lr": 0.0001}, "lr_hi": {"policy_lr": 0.001, "value_lr": 0.001}, "lam_lo": {"lam": 0.9}, "ent_hi": {"ent_bonus": 0.03}}
[ppo-tune] <<< lr_lo   s19 final=+0.102 (58.2 min; 58.3 total)
[ppo-tune] <<< lam_lo  s19 final=-0.057 (59.0 min; 59.1 total)
[ppo-tune] <<< lr_hi   s19 final=+0.155 (59.2 min; 59.3 total)
[ppo-tune] <<< ent_hi  s19 final=+0.280 (59.7 min; 59.8 total)

[ppo-tune] anchors random=62.90 heuristic=80.25; paper: PPO 0.161 [14 collapsed], cgae_cflow 0.673 [0]
  config     n   final    (SD)    best collapsed    ent
  base      20   0.279   0.229   0.569        11   0.95
  lr_lo     20   0.229   0.161   0.474        12   0.99
  lr_hi     20   0.173   0.232   0.545        12   0.95
  lam_lo    20   0.154   0.217   0.518        14   0.96
  ent_hi    20   0.214   0.266   0.560         9   0.96
